C:\Users\dell\AppData\Local\Google\Cloud SDK>gcloud init
Welcome! This command will take you through the configuration of gcloud.

Settings from your current configuration [default] are:
accessibility:
  screen_reader: 'False'
compute:
  region: europe-west3
  zone: europe-west3-c
core:
  account: veeraganeshsapireddy@gmail.com
  disable_usage_reporting: 'True'
  project: nag9-396105

Pick configuration to use:
 [1] Re-initialize this configuration [default] with new settings
 [2] Create a new configuration
Please enter your numeric choice:  1

Your current configuration has been set to: [default]

You can skip diagnostics next time by using the following flag:
  gcloud init --skip-diagnostics

Network diagnostic detects and fixes local network connection issues.
Checking network connection...done.
Reachability Check passed.
Network diagnostic passed (1/1 checks passed).

Choose the account you would like to use to perform operations for this configuration:
 [1] veeraganeshsapireddy@gmail.com
 [2] Log in with a new account
Please enter your numeric choice:  1

You are logged in as: [veeraganeshsapireddy@gmail.com].

Pick cloud project to use:
 [1] g1-project-1919
 [2] nag9-396105
 [3] sonic-aria-395506
 [4] Enter a project ID
 [5] Create a new project
Please enter numeric choice or text value (must exactly match list item):  2

Your current project has been set to: [nag9-396105].

Do you want to configure a default Compute Region and Zone? (Y/n)?  y

Which Google Compute Engine zone would you like to use as project default?
If you do not specify a zone via a command line flag while working with Compute Engine resources, the default is assumed.
 [1] us-east1-b
 [2] us-east1-c
 [3] us-east1-d
 [4] us-east4-c
 [5] us-east4-b
 [6] us-east4-a
 [7] us-central1-c
 [8] us-central1-a
 [9] us-central1-f
 [10] us-central1-b
 [11] us-west1-b
 [12] us-west1-c
 [13] us-west1-a
 [14] europe-west4-a
 [15] europe-west4-b
 [16] europe-west4-c
 [17] europe-west1-b
 [18] europe-west1-d
 [19] europe-west1-c
 [20] europe-west3-c
 [21] europe-west3-a
 [22] europe-west3-b
 [23] europe-west2-c
 [24] europe-west2-b
 [25] europe-west2-a
 [26] asia-east1-b
 [27] asia-east1-a
 [28] asia-east1-c
 [29] asia-southeast1-b
 [30] asia-southeast1-a
 [31] asia-southeast1-c
 [32] asia-northeast1-b
 [33] asia-northeast1-c
 [34] asia-northeast1-a
 [35] asia-south1-c
 [36] asia-south1-b
 [37] asia-south1-a
 [38] australia-southeast1-b
 [39] australia-southeast1-c
 [40] australia-southeast1-a
 [41] southamerica-east1-b
 [42] southamerica-east1-c
 [43] southamerica-east1-a
 [44] asia-east2-a
 [45] asia-east2-b
 [46] asia-east2-c
 [47] asia-northeast2-a
 [48] asia-northeast2-b
 [49] asia-northeast2-c
 [50] asia-northeast3-a
Did not print [66] options.
Too many options [116]. Enter "list" at prompt to print choices fully.
Please enter numeric choice or text value (must exactly match list item):  2

Your project default Compute Engine zone has been set to [us-east1-c].
You can change it by running [gcloud config set compute/zone NAME].

Your project default Compute Engine region has been set to [us-east1].
You can change it by running [gcloud config set compute/region NAME].

Your Google Cloud SDK is configured and ready to use!

* Commands that require authentication will use veeraganeshsapireddy@gmail.com by default
* Commands will reference project `nag9-396105` by default
* Compute Engine commands will use region `us-east1` by default
* Compute Engine commands will use zone `us-east1-c` by default

Run `gcloud help config` to learn how to change individual settings

This gcloud configuration is called [default]. You can create additional configurations if you work with multiple accounts and/or projects.
Run `gcloud topic configurations` to learn more.

Some things to try next:

* Run `gcloud --help` to see the Cloud Platform services you can interact with. And run `gcloud help COMMAND` to get help on any gcloud command.
* Run `gcloud topic --help` to learn about advanced features of the SDK like arg files and output formatting
* Run `gcloud cheat-sheet` to see a roster of go-to `gcloud` commands.

C:\Users\dell\AppData\Local\Google\Cloud SDK>gs util ls
'gs' is not recognized as an internal or external command,
operable program or batch file.

C:\Users\dell\AppData\Local\Google\Cloud SDK>gsutil ls
gs://bhaw/
gs://catfishing/
gs://girrafe3/
gs://newpro1/
gs://purchase22/

C:\Users\dell\AppData\Local\Google\Cloud SDK>gsutil cp C:\Users\dell\Downloads\empid_usecase3.csv gs://newpro1/
Copying file://C:\Users\dell\Downloads\empid_usecase3.csv [Content-Type=application/vnd.ms-excel]...
\ [1 files][897.6 KiB/897.6 KiB]
Operation completed over 1 objects/897.6 KiB.

C:\Users\dell\AppData\Local\Google\Cloud SDK>gsutil ls gs://newpro1/
gs://newpro1/dim_customer.csv
gs://newpro1/empid_usecase3.csv

C:\Users\dell\AppData\Local\Google\Cloud SDK>gsutil rm gs://newpro1 gs://newpro1/dim_customer.csv
Omitting bucket "gs://newpro1/". (Did you mean to do rm -r?)
Removing gs://newpro1/dim_customer.csv...
/ [1 objects]
Operation completed over 1 objects.

C:\Users\dell\AppData\Local\Google\Cloud SDK>gsutil ls gs://newpro1/
gs://newpro1/empid_usecase3.csv

C:\Users\dell\AppData\Local\Google\Cloud SDK>bq mk -d nag_usecase3
Dataset 'nag9-396105:nag_usecase3' successfully created.

C:\Users\dell\AppData\Local\Google\Cloud SDK>bq mk -t nag_usecase3.usecase3stage_tab cust_id:STRING,first_name:STRING,last_name:STRING,gender:STRING,ip_address:STRING,mac_id:STRING,client_name:STRING,mail_id:STRING,url_:STRING,app_name:STRING,ph_number:STRING,credit_card_band:STRING,card_isu_date:STRING,cur_code:STRING,valid_card:STRING,card_type:STRING,currency_code:STRING,access_code:STRING,lst_trns_dt:STRING,guid:STRING,stock_sym:STRING,emp_role:STRING
Table 'nag9-396105:nag_usecase3.usecase3stage_tab' successfully created.

C:\Users\dell\AppData\Local\Google\Cloud SDK>bq show nag_usecase3.usecase3stage_tab
Table nag9-396105:nag_usecase3.usecase3stage_tab

   Last modified              Schema              Total Rows   Total Bytes   Expiration   Time Partitioning   Clustered Fields   Total Logical Bytes   Total Physical Bytes   Labels
 ----------------- ----------------------------- ------------ ------------- ------------ ------------------- ------------------ --------------------- ---------------------- --------
  07 Sep 16:12:53   |- cust_id: string            0            0                                                                 0                                      
                    |- first_name: string                                                                                                                               
                    |- last_name: string                                                                                                                                
                    |- gender: string                                                                                                                                   
                    |- ip_address: string                                                                                                                               
                    |- mac_id: string                                                                                                                                   
                    |- client_name: string                                                                                                                              
                    |- mail_id: string                                                                                                                                  
                    |- url_: string                                                                                                                                     
                    |- app_name: string                                                                                                                                 
                    |- ph_number: string                                                                                                                                
                    |- credit_card_band: string                                                                                                                         
                    |- card_isu_date: string                                                                                                                            
                    |- cur_code: string                                                                                                                                 
                    |- valid_card: string                                                                                                                               
                    |- card_type: string                                                                                                                                
                    |- currency_code: string                                                                                                                            
                    |- access_code: string                                                                                                                              
                    |- lst_trns_dt: string                                                                                                                              
                    |- guid: string                                                                                                                                     
                    |- stock_sym: string                                                                                                                                
                    |- emp_role: string                                                                                                                                 


C:\Users\dell\AppData\Local\Google\Cloud SDK>gsutil ls gs://newpro1/
gs://newpro1/empid_usecase3.csv

C:\Users\dell\AppData\Local\Google\Cloud SDK>bq load --source_format=CSV -skip_leading_rows=1 nag_usecase3.usecase3stage_tab gs://newpro1/empid_usecase3.csv
Waiting on bqjob_r4a3e782a2b5b121_0000018a6f411c52_1 ... (1s) Current status: DONE

C:\Users\dell\AppData\Local\Google\Cloud SDK>bq mk -d usecase3_history
Dataset 'nag9-396105:usecase3_history' successfully created.

C:\Users\dell\AppData\Local\Google\Cloud SDK>bq mk -t usecase3_history.usecase3hstry_tab cust_id:INTEGER,final_name:STRING,gender:STRING,ip_address:STRING,mac_id:STRING,client_name:STRING,mail_id:STRING,url_:STRING,app_name:STRING,ph_number:INT64,credit_card_band:STRING,card_isu_date:DATE,cur_code:STRING,valid_card:BOOLEAN,card_type:STRING,currency_code:STRING,access_code:STRING,lst_trns_dt:INT64,guid:STRING,stock_sym:STRING,emp_role:STRING,created_time:TIMESTAMP
Table 'nag9-396105:usecase3_history.usecase3hstry_tab' successfully created.

C:\Users\dell\AppData\Local\Google\Cloud SDK>bq show usecase3_history.usecase3hstry_tab
Table nag9-396105:usecase3_history.usecase3hstry_tab

   Last modified              Schema              Total Rows   Total Bytes   Expiration   Time Partitioning   Clustered Fields   Total Logical Bytes   Total Physical Bytes   Labels
 ----------------- ----------------------------- ------------ ------------- ------------ ------------------- ------------------ --------------------- ---------------------- --------
  07 Sep 17:32:50   |- cust_id: integer           0            0                                                                 0                                      
                    |- final_name: string                                                                                                                               
                    |- gender: string                                                                                                                                   
                    |- ip_address: string                                                                                                                               
                    |- mac_id: string                                                                                                                                   
                    |- client_name: string                                                                                                                              
                    |- mail_id: string                                                                                                                                  
                    |- url_: string                                                                                                                                     
                    |- app_name: string                                                                                                                                 
                    |- ph_number: integer                                                                                                                               
                    |- credit_card_band: string                                                                                                                         
                    |- card_isu_date: date                                                                                                                              
                    |- cur_code: string                                                                                                                                 
                    |- valid_card: boolean                                                                                                                              
                    |- card_type: string                                                                                                                                
                    |- currency_code: string                                                                                                                            
                    |- access_code: string                                                                                                                              
                    |- lst_trns_dt: integer                                                                                                                             
                    |- guid: string                                                                                                                                     
                    |- stock_sym: string                                                                                                                                
                    |- emp_role: string                                                                                                                                 
                    |- created_time: timestamp                                                                                                                          


C:\Users\dell\AppData\Local\Google\Cloud SDK>bq mk -t usecase3_history.usecase3hstry_tab cust_id:INTEGER,final_name:STRING,gender:STRING,ip_address:STRING,mac_id:STRING,client_name:STRING,mail_id:STRING,url_:STRING,app_name:STRING,ph_number:INT64,credit_card_band:STRING,card_isu_date:DATE,cur_code:STRING,valid_card:BOOLEAN,card_type:STRING,currency_code:STRING,access_code:STRING,lst_trns_dt:INT64,guid:STRING,stock_sym:STRING,emp_role:STRING,created_time:TIMESTAMP
Table 'nag9-396105:usecase3_history.usecase3hstry_tab' successfully created.

C:\Users\dell\AppData\Local\Google\Cloud SDK>bq query --use_legacy_sql=false insert into use_case3_dataset2._history_case3 select safe_cast(cust_id as Integer)as customer_id,concat(first_name,' ',last_name) as full_name,gender string,ip_address string,mac_id string,client_name string,mail_id string,url_ string,app_name string,safe_cast(ph_number as int64),credit_card_band string,CASE when card_isu_date LIKE '%/%' THEN parse_date('%m/%d/%Y',card_isu_date)WHEN card_isu_date LIKE '%-%' THEN PARSE_DATE('%m-%d-%Y',card_isu_date)END card_date,cur_code string,safe_cast(valid_card as boolean),card_type string,currency_code string,access_code string,safe_cast(lst_trns_dt as Integer),guid as string,stock_sym string,emp_role string,current_timestamp as created_time from usecase3_history.usecase3hstry_tab
BigQuery error in query operation: Error processing job
'nag9-396105:bqjob_r4f1b84301691722d_0000018a6fcfe868_1': Not found: Dataset
nag9-396105:use_case3_dataset2 was not found in location US

C:\Users\dell\AppData\Local\Google\Cloud SDK>bq query --use_legacy_sql=false insert into usecase3_history.usecase3hstry_tab select safe_cast(cust_id as Integer)as customer_id,concat(first_name,' ',last_name) as full_name,gender string,ip_address string,mac_id string,client_name string,mail_id string,url_ string,app_name string,safe_cast(ph_number as int64),credit_card_band string,CASE when card_isu_date LIKE '%/%' THEN parse_date('%m/%d/%Y',card_isu_date)WHEN card_isu_date LIKE '%-%' THEN PARSE_DATE('%m-%d-%Y',card_isu_date)END card_date,cur_code string,safe_cast(valid_card as boolean),card_type string,currency_code string,access_code string,safe_cast(lst_trns_dt as Integer),guid as string,stock_sym string,emp_role string,current_timestamp as created_time from nag_usecase3.usecase3stage_tab
Waiting on bqjob_r6357a0af84b4554c_0000018a6fd24a2b_1 ... (0s) Current status: DONE
Number of affected rows: 1000


C:\Users\dell\AppData\Local\Google\Cloud SDK>
C:\Users\dell\AppData\Local\Google\Cloud SDK>bq query --use_legacy_sql=false create view usecase3_history.usecase3hstry_views as select * from usecase3_history.usecase3hstry_tab
Waiting on bqjob_r5e44527e49c03201_0000018a6fd49a8c_1 ... (0s) Current status: DONE
Created nag9-396105.usecase3_history.usecase3hstry_views
create table new_audit.stage_audit_table (
  dataset_name string,
  table_name string,
  date_audit date,
  total_records int64,
  audited_by string
)

insert into `new_audit.stage_audit_table`
select
'new_audit' as dataset_name,
'stage_audit_table' as table_name,
current_date() as date_audit,
count(*) as total_records,
'pro-123' as audited_by
from
create_ds.final_tab_new

create table usecase_3audit.hstry_audit_table3 (
  dataset_name string,
  table_name string,
  date_audit date,
  total_records int64,
  audited_by string
)

insert into `usecase_3audit.hstry_audit_table3`
select
'new_audit' as dataset_name,
'stage_audit_table' as table_name,
current_date() as date_audit,
count(*) as total_records,
'pro-123' as audited_by
from
usecase3_history.usecase3hstry_tab